// Jest Snapshot v1, https://goo.gl/fbAQLP

exports[`Testing example renders Title Hello 1`] = `
<div>
  <div
    class="container"
  >
    <h1
      class="text-4xl text-amber-300"
    >
      Hello!!
    </h1>
    <h2
      class="text-2xl text-rose-600"
    >
      Welcome to your First React App..!
    </h2>
    <h5>
      (created wihthout create-react-app)
    </h5>
  </div>
</div>
`;
